
===== Generate board examples =====
$ cargo run --quiet -p linkage-blaze-xtask -- generate-board-examples
Generated linkage-blaze-examples-esp board examples

===== Core tests =====
$ env RUSTFLAGS="-D warnings" cargo test -p linkage-blaze-core
    Finished `test` profile [unoptimized + debuginfo] target(s) in 0.14s
     Running unittests src/lib.rs (target/debug/deps/linkage_blaze_core-7863330d52530254)

running 129 tests
test bvh_parse::tests::bvh_sample_value_normalizes_to_near_half ... ok
test bvh_parse::tests::bytes_match_exact ... ok
test bvh_parse::tests::bytes_match_from_offset ... ok
test bvh_parse::tests::bytes_no_match ... ok
test bvh_parse::tests::channel_scanner_nonstandard_interleaved_order ... ok
test bvh_parse::tests::channel_scanner_rejects_dof_too_large - should panic ... ok
test bvh_parse::tests::channel_scanner_rejects_dof_too_small - should panic ... ok
test bvh_parse::tests::channel_scanner_standard_layout ... ok
test bvh_parse::tests::find_after_from_offset_skips_earlier_occurrence ... ok
test bvh_parse::tests::find_after_panics_when_missing - should panic ... ok
test bvh_parse::tests::find_after_returns_index_just_past_needle ... ok
test bvh_parse::tests::matches_std_parse_for_bvh_like_values ... ok
test bvh_parse::tests::normalize_accepts_range_boundaries ... ok
test bvh_parse::tests::normalize_does_not_snap_outside_band ... ok
test bvh_parse::tests::normalize_maps_position_and_rotation_correctly ... ok
test bvh_parse::tests::normalize_maps_zero_rotation_to_half ... ok
test bvh_parse::tests::normalize_rejects_position_above_range - should panic ... ok
test bvh_parse::tests::normalize_rejects_position_below_range - should panic ... ok
test bvh_parse::tests::normalize_rejects_rotation_above_range - should panic ... ok
test bvh_parse::tests::normalize_rejects_rotation_below_range - should panic ... ok
test bvh_parse::tests::normalize_snaps_near_center_to_half ... ok
test bvh_parse::tests::parse_f32_rejects_bare_exponent - should panic ... ok
test bvh_parse::tests::parse_f32_rejects_empty - should panic ... ok
test bvh_parse::tests::parse_f32_rejects_exponent_sign_only - should panic ... ok
test bvh_parse::tests::parse_f32_rejects_huge_exponent - should panic ... ok
test bvh_parse::tests::parse_f32_rejects_too_many_digits - should panic ... ok
test bvh_parse::tests::parse_f32_rejects_sign_only - should panic ... ok
test bvh_parse::tests::parse_f32_rejects_two_decimal_points - should panic ... ok
test bvh_parse::tests::parse_tiny_bvh_motion ... ok
test bvh_parse::tests::parse_uint_basic ... ok
test bvh_parse::tests::parse_uint_rejects_empty - should panic ... ok
test bvh_parse::tests::parse_uint_stops_at_tab ... ok
test bvh_parse::tests::parses_decimal ... ok
test bvh_parse::tests::parses_from_offset ... ok
test bvh_parse::tests::parses_integer ... ok
test bvh_parse::tests::parses_leading_dot ... ok
test bvh_parse::tests::parses_motion_with_exponents_and_plus_signs ... ok
test bvh_parse::tests::parses_negative_decimal ... ok
test bvh_parse::tests::parses_negative_exponent ... ok
test bvh_parse::tests::parses_negative_value_negative_exponent ... ok
test bvh_parse::tests::parses_negative_zero ... ok
test bvh_parse::tests::parses_positive_sign ... ok
test bvh_parse::tests::parses_small_positive_exponent ... ok
test bvh_parse::tests::parses_tiny_bvh_in_const_context ... ok
test bvh_parse::tests::parses_trailing_dot ... ok
test bvh_parse::tests::parses_uppercase_e ... ok
test bvh_parse::tests::parses_zero ... ok
test bvh_parse::tests::rejects_bad_frame_time_value - should panic ... ok
test bvh_parse::tests::rejects_extra_motion_values - should panic ... ok
test bvh_parse::tests::rejects_missing_frame_time - should panic ... ok
test bvh_parse::tests::rejects_missing_motion_section - should panic ... ok
test bvh_parse::tests::rejects_too_few_motion_values - should panic ... ok
test bvh_parse::tests::rejects_wrong_sample_count - should panic ... ok
test bvh_parse::tests::sample_and_sample_into_agree ... ok
test bvh_parse::tests::sample_count_matches_const ... ok
test bvh_parse::tests::sample_into_expands_one_sample ... ok
test bvh_parse::tests::samples_iter_exact_size ... ok
test bvh_parse::tests::samples_iter_yields_arrays ... ok
test bvh_parse::tests::scale_down ... ok
test bvh_parse::tests::scale_up ... ok
test bvh_parse::tests::scale_zero_exp ... ok
test bvh_parse::tests::skip_inline_whitespace_skips_space_and_tab ... ok
test bvh_parse::tests::skip_inline_whitespace_stops_at_newline ... ok
test bvh_parse::tests::skip_token_at_end_of_input ... ok
test bvh_parse::tests::skip_token_stops_at_whitespace ... ok
test bvh_parse::tests::skip_whitespace_at_non_whitespace ... ok
test bvh_parse::tests::skip_whitespace_skips_space_tab_newline ... ok
test bvh_parse::tests::skip_to_next_line_consumes_newline ... ok
test bvh_parse::tests::stops_at_whitespace ... ok
test bvh_parse::tests::u16_center_is_exact_by_policy ... ok
test bvh_parse::tests::u16_endpoints_are_exact ... ok
test math::tests::test_degrees_to_radians ... ok
test math::tests::test_mat3_array_conversions ... ok
test math::tests::test_rotation_local_axes ... ok
test math::tests::test_mat3_is_close_to ... ok
test math::tests::test_mat3_mul ... ok
test math::tests::test_rotation_forward_axes ... ok
test math::tests::test_vec3_add_and_scale ... ok
test math::tests::test_vec3_array_conversions ... ok
test math::tests::test_vec3_distance_to_is_symmetric ... ok
test math::tests::test_vec3_dot ... ok
test math::tests::test_vec3_length ... ok
test math::tests::test_vec3_sub ... ok
test tests::bruce_freeze_param_index_at_default_freezes_one_slot ... ok
test tests::bruce_freeze_param_index_freezes_one_slot ... ok
test tests::bruce_retain_param_names_freezes_non_bruce_at_own_default ... ok
test tests::bruce_full_evaluation_uses_each_slot_bound_at_step_creation ... ok
test tests::bruce_retain_param_names_retains_all_slots_named_bruce ... ok
test tests::duplicate_define_param_does_not_panic ... ok
test tests::forward_moves_along_positive_x ... ok
test tests::freeze_covers_all_translation_and_rotation_step_types ... ok
test tests::freeze_param_index_at_default_supports_multiple_step_ranges ... ok
test tests::freeze_param_index_freezes_only_that_shadowed_slot ... ok
test tests::freeze_param_index_rejects_out_of_bounds_index - should panic ... ok
test tests::freeze_param_index_rejects_raw_value_above_range - should panic ... ok
test tests::freeze_param_index_rejects_raw_value_outside_one_referenced_range - should panic ... ok
test tests::freeze_param_index_uses_raw_rotation_degrees ... ok
test tests::freeze_param_name_matches_unique_slot ... ok
test tests::freeze_param_name_rejects_duplicate_name - should panic ... ok
test tests::freeze_param_name_rejects_unknown_name - should panic ... ok
test tests::left_moves_along_positive_y ... ok
test tests::linkage_fixed_compact_removes_identity_motion_steps ... ok
test tests::linkage_fixed_freeze_runs_cleanup_passes ... ok
test tests::planar_two_link_arm_uses_yaw_then_forward ... ok
test tests::retain_param_indexes_keeps_exact_shadowed_slots ... ok
test tests::retain_param_indexes_rejects_duplicate_index - should panic ... ok
test tests::retain_param_names_freezes_non_retained_shadowed_slots_at_their_own_defaults ... ok
test tests::retain_param_names_freezes_unlisted_at_default ... ok
test tests::retain_param_names_retains_every_shadowed_slot_in_original_order ... ok
test tests::retain_params_output_follows_original_param_order ... ok
test tests::retain_params_rejects_duplicate_name - should panic ... ok
test tests::retain_params_rejects_unknown_name - should panic ... ok
test tests::rgb565_from_rgb888_components_is_const ... ok
test tests::rgb888_from_rgb565_is_const ... ok
test tests::shadowing_builder_binds_to_most_recent_definition ... ok
test tests::specialization_matches_original_for_index_and_name_selectors ... ok
test tests::test_params_are_range_checked - should panic ... ok
test tests::test_excel_pose_trace0_matches_expected ... ok
test tests::test_setting0_matches_excel_final_pose ... ok
test tests::test_excel_pose_trace1_matches_expected ... ok
test tests::top_orthographic_projects_xy_plane ... ok
test tests::up_moves_along_positive_z ... ok
test tests::zero_pen_width_still_draws ... ok
test tests::yaw_then_forward_moves_along_positive_y ... ok
test tests::translation_params_move_along_named_axes ... ok
test tests::test_setting1_matches_excel_final_pose ... ok
test tests::test_linkage1_png_matches_expected ... ok
test tests::test_mid_setting0_matches_excel_final_pose_and_png ... ok
test tests::test_linkage0_png_matches_expected ... ok

test result: ok. 129 passed; 0 failed; 0 ignored; 0 measured; 0 filtered out; finished in 0.03s

     Running tests/both_storage_types.rs (target/debug/deps/both_storage_types-7d0b6d908847a3fb)

running 0 tests

test result: ok. 0 passed; 0 failed; 0 ignored; 0 measured; 0 filtered out; finished in 0.00s

     Running tests/common_linkage_tests.rs (target/debug/deps/common_linkage_tests-d032be7b31f376b1)

running 0 tests

test result: ok. 0 passed; 0 failed; 0 ignored; 0 measured; 0 filtered out; finished in 0.00s

     Running tests/compile_tests.rs (target/debug/deps/compile_tests-9f6b0f7f56296561)

running 2 tests
warning: patch `device-envoy-esp v0.1.0 (/home/carlk/programs/mcu/device-envoy/crates/device-envoy-esp)` was not used in the crate graph
warning: patch `device-envoy-rp v0.1.0 (/home/carlk/programs/mcu/device-envoy/crates/device-envoy-rp)` was not used in the crate graph
help: Check that the patched package version and available features are compatible
      with the dependency requirements. If the patch has a different version from
      what is locked in the Cargo.lock file, run `cargo update` to use the new
      version. This may also occur with an optional dependency that is not enabled.
   Compiling linkage-blaze-core-tests v0.0.0 (/home/carlk/programs/linkage-blaze/target/tests/trybuild/linkage-blaze-core)
test ui_fail ... ok
    Finished `dev` profile [unoptimized + debuginfo] target(s) in 0.34s


test tests/ui_pass/dangling_marks.rs ... ok
test tests/ui_pass/dof_equals_param_len.rs ... ok
test tests/ui_pass/shadowing_marks.rs ... ok


test ui_pass ... ok

test result: ok. 2 passed; 0 failed; 0 ignored; 0 measured; 0 filtered out; finished in 0.93s

     Running tests/pirouette_specialization.rs (target/debug/deps/pirouette_specialization-f323b37cd0b545de)

running 5 tests
test pirouette_body_only_has_4_dof ... ok
test pirouette_body_param_names_follow_original_linkage_order ... ok
test pirouette_body_evaluates_without_alloc_storage ... ok
test pirouette_body_matches_full_linkage_with_frozen_defaults ... ok
test pirouette_body_optimized_matches_original ... ok

test result: ok. 5 passed; 0 failed; 0 ignored; 0 measured; 0 filtered out; finished in 0.00s

   Doc-tests linkage_blaze_core

running 23 tests
test crates/linkage-blaze-core/src/bvh_parse.rs - bvh_parse::bvh_motion (line 47) ... ignored
test crates/linkage-blaze-core/src/bvh_parse.rs - bvh_parse::BvhMotion<DOF,SAMPLE_COUNT>::samples (line 157) - compile ... ok
test crates/linkage-blaze-core/src/lib.rs - LinkageFixed<DOF,MARKS,N>::retain_param_indexes (line 1792) - compile ... ok
test crates/linkage-blaze-core/src/lib.rs - LinkageFixed<DOF,MARKS,N>::freeze_param_index (line 1694) - compile ... ok
test crates/linkage-blaze-core/src/lib.rs - LinkageFixed<DOF,MARKS,N>::compact (line 1991) - compile ... ok
test crates/linkage-blaze-core/src/lib.rs - LinkageFixed<DOF,MARKS,N>::freeze_param_name (line 1731) - compile ... ok
test crates/linkage-blaze-core/src/lib.rs - LinkageView<'a,DOF,MARKS>::param_defaults (line 400) - compile ... ok
test crates/linkage-blaze-core/src/lib.rs - LinkageView<'a,DOF,MARKS>::scan_param_range (line 435) ... ignored
test crates/linkage-blaze-core/src/lib.rs - Linkage (line 237) ... ok
test crates/linkage-blaze-core/src/lib.rs - linkage (line 4168) ... ignored
test crates/linkage-blaze-core/src/lib.rs - linkage_fixed (line 4196) ... ignored
test crates/linkage-blaze-core/src/lib.rs - linkage_fixed (line 4208) ... ignored
test crates/linkage-blaze-core/src/lib.rs - LinkageView<'a,DOF,MARKS>::draw_item_3d_count (line 690) ... ok
test crates/linkage-blaze-core/src/lib.rs - Projection (line 3910) - compile ... ok
test crates/linkage-blaze-core/src/lib.rs - LinkageView (line 297) ... ok
test crates/linkage-blaze-core/src/lib.rs - PixelSurface (line 4014) - compile ... ok
test crates/linkage-blaze-core/src/lib.rs - LinkageView<'a,DOF,MARKS>::draw_items_3d (line 667) ... ok
test crates/linkage-blaze-core/src/lib.rs - LinkageView<'a,DOF,MARKS>::final_pose (line 598) ... ok
test crates/linkage-blaze-core/src/lib.rs - LinkageView<'a,DOF,MARKS>::param (line 361) ... ok
test crates/linkage-blaze-core/src/lib.rs - LinkageView<'a,DOF,MARKS>::params (line 381) ... ok
test crates/linkage-blaze-core/src/lib.rs - LinkageView<'a,DOF,MARKS>::param_index (line 567) ... ok
test crates/linkage-blaze-core/src/lib.rs - LinkageView<'a,DOF,MARKS>::styled_poses (line 641) ... ok
test crates/linkage-blaze-core/src/lib.rs - LinkageView<'a,DOF,MARKS>::poses (line 620) ... ok

test result: ok. 18 passed; 0 failed; 5 ignored; 0 measured; 0 filtered out; finished in 0.00s

all doctests ran in 0.58s; merged doctests compilation took 0.57s

===== Core tests with alloc =====
$ env RUSTFLAGS="-D warnings" cargo test -p linkage-blaze-core --features alloc
    Finished `test` profile [unoptimized + debuginfo] target(s) in 0.07s
     Running unittests src/lib.rs (target/debug/deps/linkage_blaze_core-54b90e172e9152fb)

running 140 tests
test bvh_parse::tests::bvh_sample_value_normalizes_to_near_half ... ok
test bvh_parse::tests::bytes_match_exact ... ok
test bvh_parse::tests::bytes_match_from_offset ... ok
test bvh_parse::tests::bytes_no_match ... ok
test bvh_parse::tests::channel_scanner_nonstandard_interleaved_order ... ok
test bvh_parse::tests::channel_scanner_standard_layout ... ok
test bvh_parse::tests::find_after_from_offset_skips_earlier_occurrence ... ok
test bvh_parse::tests::find_after_panics_when_missing - should panic ... ok
test bvh_parse::tests::channel_scanner_rejects_dof_too_small - should panic ... ok
test bvh_parse::tests::channel_scanner_rejects_dof_too_large - should panic ... ok
test bvh_parse::tests::matches_std_parse_for_bvh_like_values ... ok
test bvh_parse::tests::find_after_returns_index_just_past_needle ... ok
test bvh_parse::tests::normalize_accepts_range_boundaries ... ok
test bvh_parse::tests::normalize_does_not_snap_outside_band ... ok
test bvh_parse::tests::normalize_maps_position_and_rotation_correctly ... ok
test bvh_parse::tests::normalize_maps_zero_rotation_to_half ... ok
test bvh_parse::tests::normalize_rejects_position_above_range - should panic ... ok
test bvh_parse::tests::normalize_rejects_position_below_range - should panic ... ok
test bvh_parse::tests::normalize_rejects_rotation_above_range - should panic ... ok
test bvh_parse::tests::normalize_rejects_rotation_below_range - should panic ... ok
test bvh_parse::tests::normalize_snaps_near_center_to_half ... ok
test bvh_parse::tests::parse_f32_rejects_bare_exponent - should panic ... ok
test bvh_parse::tests::parse_f32_rejects_empty - should panic ... ok
test bvh_parse::tests::parse_f32_rejects_exponent_sign_only - should panic ... ok
test bvh_parse::tests::parse_f32_rejects_huge_exponent - should panic ... ok
test bvh_parse::tests::parse_f32_rejects_sign_only - should panic ... ok
test bvh_parse::tests::parse_f32_rejects_too_many_digits - should panic ... ok
test bvh_parse::tests::parse_f32_rejects_two_decimal_points - should panic ... ok
test bvh_parse::tests::parse_tiny_bvh_motion ... ok
test bvh_parse::tests::parse_uint_basic ... ok
test bvh_parse::tests::parse_uint_rejects_empty - should panic ... ok
test bvh_parse::tests::parse_uint_stops_at_tab ... ok
test bvh_parse::tests::parses_decimal ... ok
test bvh_parse::tests::parses_from_offset ... ok
test bvh_parse::tests::parses_integer ... ok
test bvh_parse::tests::parses_leading_dot ... ok
test bvh_parse::tests::parses_motion_with_exponents_and_plus_signs ... ok
test bvh_parse::tests::parses_negative_decimal ... ok
test bvh_parse::tests::parses_negative_exponent ... ok
test bvh_parse::tests::parses_negative_value_negative_exponent ... ok
test bvh_parse::tests::parses_negative_zero ... ok
test bvh_parse::tests::parses_positive_sign ... ok
test bvh_parse::tests::parses_small_positive_exponent ... ok
test bvh_parse::tests::parses_tiny_bvh_in_const_context ... ok
test bvh_parse::tests::parses_trailing_dot ... ok
test bvh_parse::tests::parses_uppercase_e ... ok
test bvh_parse::tests::parses_zero ... ok
test bvh_parse::tests::rejects_bad_frame_time_value - should panic ... ok
test bvh_parse::tests::rejects_extra_motion_values - should panic ... ok
test bvh_parse::tests::rejects_missing_frame_time - should panic ... ok
test bvh_parse::tests::rejects_missing_motion_section - should panic ... ok
test bvh_parse::tests::rejects_too_few_motion_values - should panic ... ok
test bvh_parse::tests::rejects_wrong_sample_count - should panic ... ok
test bvh_parse::tests::sample_and_sample_into_agree ... ok
test bvh_parse::tests::sample_count_matches_const ... ok
test bvh_parse::tests::sample_into_expands_one_sample ... ok
test bvh_parse::tests::samples_iter_exact_size ... ok
test bvh_parse::tests::samples_iter_yields_arrays ... ok
test bvh_parse::tests::scale_down ... ok
test bvh_parse::tests::scale_up ... ok
test bvh_parse::tests::scale_zero_exp ... ok
test bvh_parse::tests::skip_inline_whitespace_skips_space_and_tab ... ok
test bvh_parse::tests::skip_inline_whitespace_stops_at_newline ... ok
test bvh_parse::tests::skip_token_at_end_of_input ... ok
test bvh_parse::tests::skip_token_stops_at_whitespace ... ok
test bvh_parse::tests::skip_whitespace_at_non_whitespace ... ok
test bvh_parse::tests::skip_whitespace_skips_space_tab_newline ... ok
test bvh_parse::tests::stops_at_whitespace ... ok
test bvh_parse::tests::skip_to_next_line_consumes_newline ... ok
test bvh_parse::tests::u16_center_is_exact_by_policy ... ok
test bvh_parse::tests::u16_endpoints_are_exact ... ok
test math::tests::test_degrees_to_radians ... ok
test math::tests::test_mat3_array_conversions ... ok
test math::tests::test_mat3_mul ... ok
test math::tests::test_rotation_forward_axes ... ok
test math::tests::test_mat3_is_close_to ... ok
test math::tests::test_rotation_local_axes ... ok
test math::tests::test_vec3_add_and_scale ... ok
test math::tests::test_vec3_distance_to_is_symmetric ... ok
test math::tests::test_vec3_dot ... ok
test math::tests::test_vec3_array_conversions ... ok
test math::tests::test_vec3_length ... ok
test math::tests::test_vec3_sub ... ok
test tests::bruce_freeze_param_index_at_default_freezes_one_slot ... ok
test tests::bruce_freeze_param_index_freezes_one_slot ... ok
test tests::bruce_full_evaluation_uses_each_slot_bound_at_step_creation ... ok
test tests::bruce_retain_param_names_freezes_non_bruce_at_own_default ... ok
test tests::bruce_retain_param_names_retains_all_slots_named_bruce ... ok
test tests::duplicate_define_param_does_not_panic ... ok
test tests::forward_moves_along_positive_x ... ok
test tests::freeze_covers_all_translation_and_rotation_step_types ... ok
test tests::freeze_param_index_at_default_supports_multiple_step_ranges ... ok
test tests::freeze_param_index_freezes_only_that_shadowed_slot ... ok
test tests::freeze_param_index_rejects_out_of_bounds_index - should panic ... ok
test tests::freeze_param_index_rejects_raw_value_above_range - should panic ... ok
test tests::freeze_param_index_rejects_raw_value_outside_one_referenced_range - should panic ... ok
test tests::freeze_param_index_uses_raw_rotation_degrees ... ok
test tests::freeze_param_name_matches_unique_slot ... ok
test tests::freeze_param_name_rejects_duplicate_name - should panic ... ok
test tests::freeze_param_name_rejects_unknown_name - should panic ... ok
test tests::left_moves_along_positive_y ... ok
test tests::linkage_buf_freeze_output_matches_linkage_fixed_freeze_output ... ok
test tests::linkage_buf_freeze_param_name_rejects_unknown_name - should panic ... ok
test tests::linkage_buf_freeze_runs_cleanup_passes ... ok
test tests::lb_rs_parser_rejects_integer_arguments ... ok
test tests::linkage_buf_retain_param_indexes_drops_multiple_params ... ok
test tests::linkage_buf_retain_param_names_uses_each_shadowed_slots_own_default ... ok
test tests::linkage_buf_retain_params_handles_shadowed_non_retained_params_by_slot ... ok
test tests::linkage_buf_retain_params_rejects_duplicate_name - should panic ... ok
test tests::linkage_buf_retain_params_rejects_unknown_name - should panic ... ok
test tests::linkage_fixed_compact_removes_identity_motion_steps ... ok
test tests::linkage_fixed_freeze_runs_cleanup_passes ... ok
test tests::parses_lb_rs_into_linkage_buf ... ok
test tests::planar_two_link_arm_uses_yaw_then_forward ... ok
test tests::retain_param_indexes_keeps_exact_shadowed_slots ... ok
test tests::retain_param_indexes_rejects_duplicate_index - should panic ... ok
test tests::retain_param_names_freezes_non_retained_shadowed_slots_at_their_own_defaults ... ok
test tests::retain_param_names_freezes_unlisted_at_default ... ok
test tests::retain_param_names_retains_every_shadowed_slot_in_original_order ... ok
test tests::retain_params_output_follows_original_param_order ... ok
test tests::retain_params_rejects_duplicate_name - should panic ... ok
test tests::retain_params_rejects_unknown_name - should panic ... ok
test tests::rgb565_from_rgb888_components_is_const ... ok
test tests::rgb888_from_rgb565_is_const ... ok
test tests::serializes_linkage_view_to_lb_rs ... ok
test tests::shadowing_builder_binds_to_most_recent_definition ... ok
test tests::specialization_matches_original_for_index_and_name_selectors ... ok
test tests::test_excel_pose_trace1_matches_expected ... ok
test tests::test_excel_pose_trace0_matches_expected ... ok
test tests::test_params_are_range_checked - should panic ... ok
test tests::test_setting0_matches_excel_final_pose ... ok
test tests::test_setting1_matches_excel_final_pose ... ok
test tests::top_orthographic_projects_xy_plane ... ok
test tests::translation_params_move_along_named_axes ... ok
test tests::up_moves_along_positive_z ... ok
test tests::yaw_then_forward_moves_along_positive_y ... ok
test tests::zero_pen_width_still_draws ... ok
test tests::test_linkage1_png_matches_expected ... ok
test tests::test_mid_setting0_matches_excel_final_pose_and_png ... ok
test tests::test_linkage0_png_matches_expected ... ok

test result: ok. 140 passed; 0 failed; 0 ignored; 0 measured; 0 filtered out; finished in 0.03s

     Running tests/both_storage_types.rs (target/debug/deps/both_storage_types-f585ee787d30294f)

running 14 tests
test armatron_buf_combine_combines_limbs ... ok
test armatron_combined_linkages_fixed_and_buf_equivalent ... ok
test armatron_component_linkages_fixed_dims ... ok
test armatron_full_scene_linkage_built_with_buf ... ok
test armatron_grid_fixed_and_buf_equivalent ... ok
test armatron_component_linkages_fixed_and_buf_equivalent ... ok
test clock_from_file_both_storage_types ... ok
test clock_hands_fixed_and_buf_equivalent ... ok
test clock_hands_fixed_dims ... ok
test conversion_linkage_fixed_to_buf ... ok
test linkage_buf_combine_combines_params_and_steps ... ok
test linkage_buf_combine_ref_combines_from_view ... ok
test linkage_buf_include_works ... ok
test linkage_fixed_include_works_in_function_body ... ok

test result: ok. 14 passed; 0 failed; 0 ignored; 0 measured; 0 filtered out; finished in 0.00s

     Running tests/common_linkage_tests.rs (target/debug/deps/common_linkage_tests-831c4564d7ed52f3)

running 0 tests

test result: ok. 0 passed; 0 failed; 0 ignored; 0 measured; 0 filtered out; finished in 0.00s

     Running tests/compile_tests.rs (target/debug/deps/compile_tests-f18e96922b07dc66)

running 2 tests
warning: patch `device-envoy-esp v0.1.0 (/home/carlk/programs/mcu/device-envoy/crates/device-envoy-esp)` was not used in the crate graph
warning: patch `device-envoy-rp v0.1.0 (/home/carlk/programs/mcu/device-envoy/crates/device-envoy-rp)` was not used in the crate graph
help: Check that the patched package version and available features are compatible
      with the dependency requirements. If the patch has a different version from
      what is locked in the Cargo.lock file, run `cargo update` to use the new
      version. This may also occur with an optional dependency that is not enabled.
   Compiling linkage-blaze-core-tests v0.0.0 (/home/carlk/programs/linkage-blaze/target/tests/trybuild/linkage-blaze-core)
test ui_fail ... ok
    Finished `dev` profile [unoptimized + debuginfo] target(s) in 0.28s


test tests/ui_pass/dangling_marks.rs ... ok
test tests/ui_pass/dof_equals_param_len.rs ... ok
test tests/ui_pass/shadowing_marks.rs ... ok


test ui_pass ... ok

test result: ok. 2 passed; 0 failed; 0 ignored; 0 measured; 0 filtered out; finished in 0.83s

     Running tests/pirouette_specialization.rs (target/debug/deps/pirouette_specialization-e8b8f7d24cdbfd8c)

running 7 tests
test pirouette_body_only_has_4_dof ... ok
test pirouette_body_evaluates_without_alloc_storage ... ok
test pirouette_body_param_names_follow_original_linkage_order ... ok
test pirouette_body_matches_full_linkage_with_frozen_defaults ... ok
test pirouette_body_const_opt_matches_buf_opt ... ok
test pirouette_fixed_and_buf_freeze_retain_produce_same_result ... ok
test pirouette_body_optimized_matches_original ... ok

test result: ok. 7 passed; 0 failed; 0 ignored; 0 measured; 0 filtered out; finished in 0.00s

   Doc-tests linkage_blaze_core

running 28 tests
test crates/linkage-blaze-core/src/bvh_parse.rs - bvh_parse::bvh_motion (line 47) ... ignored
test crates/linkage-blaze-core/src/bvh_parse.rs - bvh_parse::BvhMotion<DOF,SAMPLE_COUNT>::samples (line 157) - compile ... ok
test crates/linkage-blaze-core/src/lib.rs - LinkageFixed<DOF,MARKS,N>::freeze_param_index (line 1694) - compile ... ok
test crates/linkage-blaze-core/src/lib.rs - LinkageFixed<DOF,MARKS,N>::compact (line 1991) - compile ... ok
test crates/linkage-blaze-core/src/lib.rs - LinkageFixed<DOF,MARKS,N>::freeze_param_name (line 1731) - compile ... ok
test crates/linkage-blaze-core/src/lib.rs - LinkageFixed<DOF,MARKS,N>::retain_param_indexes (line 1792) - compile ... ok
test crates/linkage-blaze-core/src/lib.rs - Linkage (line 237) ... ok
test crates/linkage-blaze-core/src/lib.rs - LinkageBuf (line 2293) ... ok
test crates/linkage-blaze-core/src/lib.rs - LinkageView<'a,DOF,MARKS>::param_defaults (line 400) - compile ... ok
test crates/linkage-blaze-core/src/lib.rs - LinkageBuf (line 2278) ... ok
test crates/linkage-blaze-core/src/lib.rs - LinkageBuf<DOF,MARKS>::combine (line 2488) ... ok
test crates/linkage-blaze-core/src/lib.rs - LinkageView<'a,DOF,MARKS>::scan_param_range (line 435) ... ignored
test crates/linkage-blaze-core/src/lib.rs - PixelSurface (line 4014) - compile ... ok
test crates/linkage-blaze-core/src/lib.rs - linkage (line 4168) ... ignored
test crates/linkage-blaze-core/src/lib.rs - Projection (line 3910) - compile ... ok
test crates/linkage-blaze-core/src/lib.rs - linkage_buf (line 4240) ... ignored
test crates/linkage-blaze-core/src/lib.rs - linkage_buf (line 4248) ... ignored
test crates/linkage-blaze-core/src/lib.rs - linkage_fixed (line 4196) ... ignored
test crates/linkage-blaze-core/src/lib.rs - linkage_fixed (line 4208) ... ignored
test crates/linkage-blaze-core/src/lib.rs - LinkageView (line 297) ... ok
test crates/linkage-blaze-core/src/lib.rs - LinkageView<'a,DOF,MARKS>::draw_items_3d (line 667) ... ok
test crates/linkage-blaze-core/src/lib.rs - LinkageView<'a,DOF,MARKS>::final_pose (line 598) ... ok
test crates/linkage-blaze-core/src/lib.rs - LinkageView<'a,DOF,MARKS>::draw_item_3d_count (line 690) ... ok
test crates/linkage-blaze-core/src/lib.rs - LinkageView<'a,DOF,MARKS>::param (line 361) ... ok
test crates/linkage-blaze-core/src/lib.rs - LinkageView<'a,DOF,MARKS>::param_index (line 567) ... ok
test crates/linkage-blaze-core/src/lib.rs - LinkageView<'a,DOF,MARKS>::poses (line 620) ... ok
test crates/linkage-blaze-core/src/lib.rs - LinkageView<'a,DOF,MARKS>::params (line 381) ... ok
test crates/linkage-blaze-core/src/lib.rs - LinkageView<'a,DOF,MARKS>::styled_poses (line 641) ... ok

test result: ok. 21 passed; 0 failed; 7 ignored; 0 measured; 0 filtered out; finished in 0.00s

all doctests ran in 0.45s; merged doctests compilation took 0.44s

===== Core example integration tests =====
$ env RUSTFLAGS="-D warnings" cargo test -p linkage-blaze-core --features examples-armatron,examples-ballet,examples-clock,examples-skeleton-clock
   Compiling linkage-blaze-core v0.1.4 (/home/carlk/programs/linkage-blaze/crates/linkage-blaze-core)
warning: constant evaluation is taking a long time
   --> crates/linkage-blaze-core/src/bvh_parse.rs:475:34
    |
475 | ...le][ch] = if (norm - policy.snap_center).abs() <= policy.snap_epsilon {
    |                 ^^^^^^^^^^^^^^^^^^^^^^^^^^^^^^^^^ the const evaluator is currently interpreting this expression
    |
help: the constant being evaluated
   --> crates/linkage-blaze-core/src/examples/ballet.rs:44:1
    |
 44 | const MOTION: BvhMotion<132, 592> = bvh_motion!("../assets/mocap/piroue...
    | ^^^^^^^^^^^^^^^^^^^^^^^^^^^^^^^^^

warning: `linkage-blaze-core` (lib) generated 1 warning
warning: `linkage-blaze-core` (lib test) generated 1 warning (1 duplicate)
    Finished `test` profile [unoptimized + debuginfo] target(s) in 1.10s
     Running unittests src/lib.rs (target/debug/deps/linkage_blaze_core-21adfa30bbdf117c)

running 135 tests
test bvh_parse::tests::bytes_match_exact ... ok
test bvh_parse::tests::bvh_sample_value_normalizes_to_near_half ... ok
test bvh_parse::tests::bytes_match_from_offset ... ok
test bvh_parse::tests::bytes_no_match ... ok
test bvh_parse::tests::channel_scanner_nonstandard_interleaved_order ... ok
test bvh_parse::tests::channel_scanner_rejects_dof_too_large - should panic ... ok
test bvh_parse::tests::channel_scanner_rejects_dof_too_small - should panic ... ok
test bvh_parse::tests::channel_scanner_standard_layout ... ok
test bvh_parse::tests::find_after_from_offset_skips_earlier_occurrence ... ok
test bvh_parse::tests::find_after_panics_when_missing - should panic ... ok
test bvh_parse::tests::find_after_returns_index_just_past_needle ... ok
test bvh_parse::tests::matches_std_parse_for_bvh_like_values ... ok
test bvh_parse::tests::normalize_accepts_range_boundaries ... ok
test bvh_parse::tests::normalize_does_not_snap_outside_band ... ok
test bvh_parse::tests::normalize_maps_position_and_rotation_correctly ... ok
test bvh_parse::tests::normalize_maps_zero_rotation_to_half ... ok
test bvh_parse::tests::normalize_rejects_position_above_range - should panic ... ok
test bvh_parse::tests::normalize_rejects_position_below_range - should panic ... ok
test bvh_parse::tests::normalize_rejects_rotation_above_range - should panic ... ok
test bvh_parse::tests::normalize_rejects_rotation_below_range - should panic ... ok
test bvh_parse::tests::normalize_snaps_near_center_to_half ... ok
test bvh_parse::tests::parse_f32_rejects_bare_exponent - should panic ... ok
test bvh_parse::tests::parse_f32_rejects_empty - should panic ... ok
test bvh_parse::tests::parse_f32_rejects_exponent_sign_only - should panic ... ok
test bvh_parse::tests::parse_f32_rejects_huge_exponent - should panic ... ok
test bvh_parse::tests::parse_f32_rejects_sign_only - should panic ... ok
test bvh_parse::tests::parse_f32_rejects_too_many_digits - should panic ... ok
test bvh_parse::tests::parse_f32_rejects_two_decimal_points - should panic ... ok
test bvh_parse::tests::parse_tiny_bvh_motion ... ok
test bvh_parse::tests::parse_uint_basic ... ok
test bvh_parse::tests::parse_uint_rejects_empty - should panic ... ok
test bvh_parse::tests::parse_uint_stops_at_tab ... ok
test bvh_parse::tests::parses_decimal ... ok
test bvh_parse::tests::parses_from_offset ... ok
test bvh_parse::tests::parses_integer ... ok
test bvh_parse::tests::parses_leading_dot ... ok
test bvh_parse::tests::parses_motion_with_exponents_and_plus_signs ... ok
test bvh_parse::tests::parses_negative_decimal ... ok
test bvh_parse::tests::parses_negative_exponent ... ok
test bvh_parse::tests::parses_negative_value_negative_exponent ... ok
test bvh_parse::tests::parses_negative_zero ... ok
test bvh_parse::tests::parses_positive_sign ... ok
test bvh_parse::tests::parses_small_positive_exponent ... ok
test bvh_parse::tests::parses_tiny_bvh_in_const_context ... ok
test bvh_parse::tests::parses_trailing_dot ... ok
test bvh_parse::tests::parses_uppercase_e ... ok
test bvh_parse::tests::parses_zero ... ok
test bvh_parse::tests::rejects_bad_frame_time_value - should panic ... ok
test bvh_parse::tests::rejects_extra_motion_values - should panic ... ok
test bvh_parse::tests::rejects_missing_frame_time - should panic ... ok
test bvh_parse::tests::rejects_missing_motion_section - should panic ... ok
test bvh_parse::tests::rejects_too_few_motion_values - should panic ... ok
test bvh_parse::tests::rejects_wrong_sample_count - should panic ... ok
test bvh_parse::tests::sample_and_sample_into_agree ... ok
test bvh_parse::tests::sample_count_matches_const ... ok
test bvh_parse::tests::sample_into_expands_one_sample ... ok
test bvh_parse::tests::samples_iter_exact_size ... ok
test bvh_parse::tests::samples_iter_yields_arrays ... ok
test bvh_parse::tests::scale_down ... ok
test bvh_parse::tests::scale_up ... ok
test bvh_parse::tests::scale_zero_exp ... ok
test bvh_parse::tests::skip_inline_whitespace_skips_space_and_tab ... ok
test bvh_parse::tests::skip_inline_whitespace_stops_at_newline ... ok
test bvh_parse::tests::skip_to_next_line_consumes_newline ... ok
test bvh_parse::tests::skip_token_at_end_of_input ... ok
test bvh_parse::tests::skip_token_stops_at_whitespace ... ok
test bvh_parse::tests::skip_whitespace_at_non_whitespace ... ok
test bvh_parse::tests::skip_whitespace_skips_space_tab_newline ... ok
test bvh_parse::tests::stops_at_whitespace ... ok
test bvh_parse::tests::u16_center_is_exact_by_policy ... ok
test bvh_parse::tests::u16_endpoints_are_exact ... ok
test math::tests::test_degrees_to_radians ... ok
test math::tests::test_mat3_array_conversions ... ok
test math::tests::test_mat3_is_close_to ... ok
test math::tests::test_mat3_mul ... ok
test math::tests::test_rotation_forward_axes ... ok
test math::tests::test_rotation_local_axes ... ok
test math::tests::test_vec3_array_conversions ... ok
test math::tests::test_vec3_distance_to_is_symmetric ... ok
test math::tests::test_vec3_dot ... ok
test examples::armatron::tests::tapping_the_calibrate_button_requests_calibration ... ok
test tests::bruce_full_evaluation_uses_each_slot_bound_at_step_creation ... ok
test tests::bruce_freeze_param_index_freezes_one_slot ... ok
test tests::bruce_retain_param_names_retains_all_slots_named_bruce ... ok
test tests::bruce_freeze_param_index_at_default_freezes_one_slot ... ok
test tests::bruce_retain_param_names_freezes_non_bruce_at_own_default ... ok
test tests::duplicate_define_param_does_not_panic ... ok
test tests::forward_moves_along_positive_x ... ok
test tests::freeze_param_index_at_default_supports_multiple_step_ranges ... ok
test tests::freeze_param_index_rejects_raw_value_above_range - should panic ... ok
test tests::freeze_param_index_freezes_only_that_shadowed_slot ... ok
test tests::freeze_param_index_rejects_raw_value_outside_one_referenced_range - should panic ... ok
test tests::freeze_param_index_uses_raw_rotation_degrees ... ok
test tests::freeze_param_name_matches_unique_slot ... ok
test tests::freeze_param_name_rejects_duplicate_name - should panic ... ok
test math::tests::test_vec3_add_and_scale ... ok
test tests::freeze_param_name_rejects_unknown_name - should panic ... ok
test math::tests::test_vec3_length ... ok
test tests::freeze_param_index_rejects_out_of_bounds_index - should panic ... ok
test math::tests::test_vec3_sub ... ok
test tests::freeze_covers_all_translation_and_rotation_step_types ... ok
test tests::left_moves_along_positive_y ... ok
test tests::linkage_fixed_freeze_runs_cleanup_passes ... ok
test tests::retain_param_indexes_keeps_exact_shadowed_slots ... ok
test tests::linkage_fixed_compact_removes_identity_motion_steps ... ok
test tests::retain_param_indexes_rejects_duplicate_index - should panic ... ok
test tests::retain_param_names_freezes_unlisted_at_default ... ok
test tests::retain_param_names_retains_every_shadowed_slot_in_original_order ... ok
test tests::retain_param_names_freezes_non_retained_shadowed_slots_at_their_own_defaults ... ok
test tests::planar_two_link_arm_uses_yaw_then_forward ... ok
test tests::retain_params_rejects_unknown_name - should panic ... ok
test tests::specialization_matches_original_for_index_and_name_selectors ... ok
test tests::test_excel_pose_trace0_matches_expected ... ok
test tests::retain_params_rejects_duplicate_name - should panic ... ok
test tests::test_excel_pose_trace1_matches_expected ... ok
test tests::rgb888_from_rgb565_is_const ... ok
test tests::retain_params_output_follows_original_param_order ... ok
test tests::test_params_are_range_checked - should panic ... ok
test tests::test_setting0_matches_excel_final_pose ... ok
test tests::test_setting1_matches_excel_final_pose ... ok
test tests::top_orthographic_projects_xy_plane ... ok
test tests::shadowing_builder_binds_to_most_recent_definition ... ok
test tests::rgb565_from_rgb888_components_is_const ... ok
test tests::up_moves_along_positive_z ... ok
test tests::yaw_then_forward_moves_along_positive_y ... ok
test tests::zero_pen_width_still_draws ... ok
test tests::translation_params_move_along_named_axes ... ok
test examples::ballet::tests::ballet_runs_bounded_frames_and_flushes_within_screen_bounds ... ok
test tests::test_mid_setting0_matches_excel_final_pose_and_png ... ok
test tests::test_linkage0_png_matches_expected ... ok
test tests::test_linkage1_png_matches_expected ... ok
test examples::armatron::tests::armatron_renders_expected_frame ... ok
test examples::skeleton_clock::tests::skeleton_clock_renders_expected_frame ... ok
test examples::clock::tests::clock_renders_expected_frame ... ok
test examples::ballet::tests::ballet_renders_expected_frame ... ok

test result: ok. 135 passed; 0 failed; 0 ignored; 0 measured; 0 filtered out; finished in 0.45s

     Running tests/both_storage_types.rs (target/debug/deps/both_storage_types-1223176a2b00524f)

running 0 tests

test result: ok. 0 passed; 0 failed; 0 ignored; 0 measured; 0 filtered out; finished in 0.00s

     Running tests/common_linkage_tests.rs (target/debug/deps/common_linkage_tests-366a4757de87d861)

running 0 tests

test result: ok. 0 passed; 0 failed; 0 ignored; 0 measured; 0 filtered out; finished in 0.00s

     Running tests/compile_tests.rs (target/debug/deps/compile_tests-900262571abf7382)

running 2 tests
warning: patch `device-envoy-esp v0.1.0 (/home/carlk/programs/mcu/device-envoy/crates/device-envoy-esp)` was not used in the crate graph
warning: patch `device-envoy-rp v0.1.0 (/home/carlk/programs/mcu/device-envoy/crates/device-envoy-rp)` was not used in the crate graph
help: Check that the patched package version and available features are compatible
      with the dependency requirements. If the patch has a different version from
      what is locked in the Cargo.lock file, run `cargo update` to use the new
      version. This may also occur with an optional dependency that is not enabled.
   Compiling linkage-blaze-core v0.1.4 (/home/carlk/programs/linkage-blaze/crates/linkage-blaze-core)
test ui_fail ... ok
warning: constant evaluation is taking a long time
   --> /home/carlk/programs/linkage-blaze/crates/linkage-blaze-core/src/bvh_parse.rs:475:34
    |
475 | ...le][ch] = if (norm - policy.snap_center).abs() <= policy.snap_epsilon {
    |                 ^^^^^^^^^^^^^^^^^^^^^^^^^^^^^^^^^ the const evaluator is currently interpreting this expression
    |
help: the constant being evaluated
   --> /home/carlk/programs/linkage-blaze/crates/linkage-blaze-core/src/examples/ballet.rs:44:1
    |
 44 | const MOTION: BvhMotion<132, 592> = bvh_motion!("../assets/mocap/piroue...
    | ^^^^^^^^^^^^^^^^^^^^^^^^^^^^^^^^^

warning: `linkage-blaze-core` (lib) generated 1 warning
   Compiling linkage-blaze-core-tests v0.0.0 (/home/carlk/programs/linkage-blaze/target/tests/trybuild/linkage-blaze-core)
    Finished `dev` profile [unoptimized + debuginfo] target(s) in 12.12s


test tests/ui_pass/dangling_marks.rs ... ok

STDERR:
┈┈┈┈┈┈┈┈┈┈┈┈┈┈┈┈┈┈┈┈┈┈┈┈┈┈┈┈┈┈┈┈┈┈┈┈┈┈┈┈┈┈┈┈┈┈┈┈┈┈┈┈┈┈┈┈┈┈┈┈
warning: constant evaluation is taking a long time
   --> /home/carlk/programs/linkage-blaze/crates/linkage-blaze-core/src/bvh_parse.rs:475:34
    |
475 | ...le][ch] = if (norm - policy.snap_center).abs() <= policy.snap_epsilon {
    |                 ^^^^^^^^^^^^^^^^^^^^^^^^^^^^^^^^^ the const evaluator is currently interpreting this expression
    |
help: the constant being evaluated
   --> /home/carlk/programs/linkage-blaze/crates/linkage-blaze-core/src/examples/ballet.rs:44:1
    |
 44 | const MOTION: BvhMotion<132, 592> = bvh_motion!("../assets/mocap/piroue...
    | ^^^^^^^^^^^^^^^^^^^^^^^^^^^^^^^^^
┈┈┈┈┈┈┈┈┈┈┈┈┈┈┈┈┈┈┈┈┈┈┈┈┈┈┈┈┈┈┈┈┈┈┈┈┈┈┈┈┈┈┈┈┈┈┈┈┈┈┈┈┈┈┈┈┈┈┈┈

test tests/ui_pass/dof_equals_param_len.rs ... ok

STDERR:
┈┈┈┈┈┈┈┈┈┈┈┈┈┈┈┈┈┈┈┈┈┈┈┈┈┈┈┈┈┈┈┈┈┈┈┈┈┈┈┈┈┈┈┈┈┈┈┈┈┈┈┈┈┈┈┈┈┈┈┈
warning: constant evaluation is taking a long time
   --> /home/carlk/programs/linkage-blaze/crates/linkage-blaze-core/src/bvh_parse.rs:475:34
    |
475 | ...le][ch] = if (norm - policy.snap_center).abs() <= policy.snap_epsilon {
    |                 ^^^^^^^^^^^^^^^^^^^^^^^^^^^^^^^^^ the const evaluator is currently interpreting this expression
    |
help: the constant being evaluated
   --> /home/carlk/programs/linkage-blaze/crates/linkage-blaze-core/src/examples/ballet.rs:44:1
    |
 44 | const MOTION: BvhMotion<132, 592> = bvh_motion!("../assets/mocap/piroue...
    | ^^^^^^^^^^^^^^^^^^^^^^^^^^^^^^^^^
┈┈┈┈┈┈┈┈┈┈┈┈┈┈┈┈┈┈┈┈┈┈┈┈┈┈┈┈┈┈┈┈┈┈┈┈┈┈┈┈┈┈┈┈┈┈┈┈┈┈┈┈┈┈┈┈┈┈┈┈

test tests/ui_pass/shadowing_marks.rs ... ok

STDERR:
┈┈┈┈┈┈┈┈┈┈┈┈┈┈┈┈┈┈┈┈┈┈┈┈┈┈┈┈┈┈┈┈┈┈┈┈┈┈┈┈┈┈┈┈┈┈┈┈┈┈┈┈┈┈┈┈┈┈┈┈
warning: constant evaluation is taking a long time
   --> /home/carlk/programs/linkage-blaze/crates/linkage-blaze-core/src/bvh_parse.rs:475:34
    |
475 | ...le][ch] = if (norm - policy.snap_center).abs() <= policy.snap_epsilon {
    |                 ^^^^^^^^^^^^^^^^^^^^^^^^^^^^^^^^^ the const evaluator is currently interpreting this expression
    |
help: the constant being evaluated
   --> /home/carlk/programs/linkage-blaze/crates/linkage-blaze-core/src/examples/ballet.rs:44:1
    |
 44 | const MOTION: BvhMotion<132, 592> = bvh_motion!("../assets/mocap/piroue...
    | ^^^^^^^^^^^^^^^^^^^^^^^^^^^^^^^^^
┈┈┈┈┈┈┈┈┈┈┈┈┈┈┈┈┈┈┈┈┈┈┈┈┈┈┈┈┈┈┈┈┈┈┈┈┈┈┈┈┈┈┈┈┈┈┈┈┈┈┈┈┈┈┈┈┈┈┈┈



test ui_pass ... ok

test result: ok. 2 passed; 0 failed; 0 ignored; 0 measured; 0 filtered out; finished in 26.40s

     Running tests/pirouette_specialization.rs (target/debug/deps/pirouette_specialization-a25c138b2b8a2efa)

running 5 tests
test pirouette_body_only_has_4_dof ... ok
test pirouette_body_evaluates_without_alloc_storage ... ok
test pirouette_body_param_names_follow_original_linkage_order ... ok
test pirouette_body_matches_full_linkage_with_frozen_defaults ... ok
test pirouette_body_optimized_matches_original ... ok

test result: ok. 5 passed; 0 failed; 0 ignored; 0 measured; 0 filtered out; finished in 0.00s

   Doc-tests linkage_blaze_core

running 24 tests
test crates/linkage-blaze-core/src/bvh_parse.rs - bvh_parse::bvh_motion (line 47) ... ignored
test crates/linkage-blaze-core/src/bvh_parse.rs - bvh_parse::BvhMotion<DOF,SAMPLE_COUNT>::samples (line 157) - compile ... ok
test crates/linkage-blaze-core/src/examples/ui.rs - examples::ui (line 23) - compile ... ok
test crates/linkage-blaze-core/src/lib.rs - LinkageFixed<DOF,MARKS,N>::compact (line 1991) - compile ... ok
test crates/linkage-blaze-core/src/lib.rs - LinkageFixed<DOF,MARKS,N>::freeze_param_index (line 1694) - compile ... ok
test crates/linkage-blaze-core/src/lib.rs - LinkageFixed<DOF,MARKS,N>::freeze_param_name (line 1731) - compile ... ok
test crates/linkage-blaze-core/src/lib.rs - LinkageFixed<DOF,MARKS,N>::retain_param_indexes (line 1792) - compile ... ok
test crates/linkage-blaze-core/src/lib.rs - LinkageView<'a,DOF,MARKS>::param_defaults (line 400) - compile ... ok
test crates/linkage-blaze-core/src/lib.rs - LinkageView<'a,DOF,MARKS>::scan_param_range (line 435) ... ignored
test crates/linkage-blaze-core/src/lib.rs - linkage (line 4168) ... ignored
test crates/linkage-blaze-core/src/lib.rs - linkage_fixed (line 4196) ... ignored
test crates/linkage-blaze-core/src/lib.rs - linkage_fixed (line 4208) ... ignored
test crates/linkage-blaze-core/src/lib.rs - Projection (line 3910) - compile ... ok
test crates/linkage-blaze-core/src/lib.rs - PixelSurface (line 4014) - compile ... ok
test crates/linkage-blaze-core/src/lib.rs - LinkageView (line 297) ... ok
test crates/linkage-blaze-core/src/lib.rs - Linkage (line 237) ... ok
test crates/linkage-blaze-core/src/lib.rs - LinkageView<'a,DOF,MARKS>::draw_item_3d_count (line 690) ... ok
test crates/linkage-blaze-core/src/lib.rs - LinkageView<'a,DOF,MARKS>::draw_items_3d (line 667) ... ok
test crates/linkage-blaze-core/src/lib.rs - LinkageView<'a,DOF,MARKS>::param (line 361) ... ok
test crates/linkage-blaze-core/src/lib.rs - LinkageView<'a,DOF,MARKS>::final_pose (line 598) ... ok
test crates/linkage-blaze-core/src/lib.rs - LinkageView<'a,DOF,MARKS>::params (line 381) ... ok
test crates/linkage-blaze-core/src/lib.rs - LinkageView<'a,DOF,MARKS>::styled_poses (line 641) ... ok
test crates/linkage-blaze-core/src/lib.rs - LinkageView<'a,DOF,MARKS>::param_index (line 567) ... ok
test crates/linkage-blaze-core/src/lib.rs - LinkageView<'a,DOF,MARKS>::poses (line 620) ... ok

test result: ok. 19 passed; 0 failed; 5 ignored; 0 measured; 0 filtered out; finished in 0.00s

all doctests ran in 0.47s; merged doctests compilation took 0.46s

===== Utils tests =====
$ env RUSTFLAGS="-D warnings" cargo test -p linkage-blaze-utils
    Finished `test` profile [unoptimized + debuginfo] target(s) in 0.08s
     Running unittests src/lib.rs (target/debug/deps/linkage_blaze_utils-43bdbe11204abdeb)

running 16 tests
test bvh::tests::bvh_parameter_names_use_joint_and_channel_names ... ok
test bvh::tests::bvh_rotation_axes_are_remapped_to_linkage_axes ... ok
test bvh::tests::builds_bvh_linkage_buf_and_sample_params ... ok
test bvh::tests::parses_bvh_hierarchy_and_motion ... ok
test bvh::tests::converts_bvh_to_lb_rs_source ... ok
test bvh::tests::snaps_near_centered_bvh_defaults_to_half ... ok
test bvh::tests::depth_mark_names_are_depth_prefixed ... ok
test tests::accepts_compact_linkage_macro_wrapper ... ok
test tests::accepts_float_args ... ok
test tests::accepts_rust_rgb888_new_color ... ok
test tests::accepts_linkage_macro_wrapper ... ok
test tests::rejects_integer_args ... ok
test tests::rejects_non_rust_color_forms ... ok
test bvh::tests::builds_real_bvh_linkage ... ok
test bvh::tests::converts_real_bvh_to_lb_rs_matches_golden_output ... ok
test bvh::tests::converts_real_bvh_to_lb_rs ... ok

test result: ok. 16 passed; 0 failed; 0 ignored; 0 measured; 0 filtered out; finished in 0.04s

     Running unittests src/bin/bvh-to-lb.rs (target/debug/deps/bvh_to_lb-806f3e8fee05b3c1)

running 0 tests

test result: ok. 0 passed; 0 failed; 0 ignored; 0 measured; 0 filtered out; finished in 0.00s

   Doc-tests linkage_blaze_utils

running 0 tests

test result: ok. 0 passed; 0 failed; 0 ignored; 0 measured; 0 filtered out; finished in 0.00s


===== Generate ESP examples and build =====
$ source ~/export-esp.sh && cargo run --quiet -p linkage-blaze-xtask -- build-esp-examples
    build example: armatron_esp32_generic
   Compiling device-envoy-esp v0.1.0 (/home/carlk/programs/mcu/device-envoy/crates/device-envoy-esp)
   Compiling linkage-blaze-core v0.1.4 (/home/carlk/programs/linkage-blaze/crates/linkage-blaze-core)
   Compiling linkage-blaze-examples-esp v0.1.4 (/home/carlk/programs/linkage-blaze/crates/linkage-blaze-examples-esp)
    Finished `release` profile [optimized] target(s) in 5.65s
    build example: armatron_one_spi_esp32_generic
   Compiling linkage-blaze-examples-esp v0.1.4 (/home/carlk/programs/linkage-blaze/crates/linkage-blaze-examples-esp)
    Finished `release` profile [optimized] target(s) in 1.97s
    build example: ballet_esp32_generic
   Compiling device-envoy-esp v0.1.0 (/home/carlk/programs/mcu/device-envoy/crates/device-envoy-esp)
warning: constant evaluation is taking a long time
   --> crates/linkage-blaze-core/src/bvh_parse.rs:475:34
    |
475 |             out[sample][ch] = if (norm - policy.snap_center).abs() <= policy.snap_epsilon {
    |                                  ^^^^^^^^^^^^^^^^^^^^^^^^^^^^^^^^^ the const evaluator is currently interpreting this expression
    |
help: the constant being evaluated
   --> crates/linkage-blaze-core/src/examples/ballet.rs:44:1
    |
 44 | const MOTION: BvhMotion<132, 592> = bvh_motion!("../assets/mocap/pirouette.bvh");
    | ^^^^^^^^^^^^^^^^^^^^^^^^^^^^^^^^^

warning: `linkage-blaze-core` (lib) generated 1 warning
   Compiling linkage-blaze-examples-esp v0.1.4 (/home/carlk/programs/linkage-blaze/crates/linkage-blaze-examples-esp)
warning: constant evaluation is taking a long time
   --> crates/linkage-blaze-core/src/bvh_parse.rs:475:34
    |
475 | ...le][ch] = if (norm - policy.snap_center).abs() <= policy.snap_epsilon {
    |                 ^^^^^^^^^^^^^^^^^^^^^^^^^^^^^^^^^ the const evaluator is currently interpreting this expression
    |
help: the constant being evaluated
   --> crates/linkage-blaze-core/src/examples/ballet.rs:44:1
    |
 44 | const MOTION: BvhMotion<132, 592> = bvh_motion!("../assets/mocap/piroue...
    | ^^^^^^^^^^^^^^^^^^^^^^^^^^^^^^^^^

warning: `linkage-blaze-examples-esp` (example "ballet_esp32_generic") generated 1 warning
    Finished `release` profile [optimized] target(s) in 14.66s
    build example: clock_esp32_generic
   Compiling linkage-blaze-examples-esp v0.1.4 (/home/carlk/programs/linkage-blaze/crates/linkage-blaze-examples-esp)
    Finished `release` profile [optimized] target(s) in 4.32s
    build example: skeleton_clock_esp32_generic
   Compiling linkage-blaze-core v0.1.4 (/home/carlk/programs/linkage-blaze/crates/linkage-blaze-core)
   Compiling linkage-blaze-examples-esp v0.1.4 (/home/carlk/programs/linkage-blaze/crates/linkage-blaze-examples-esp)
    Finished `release` profile [optimized] target(s) in 6.69s
    build example: armatron_esp32c2_generic
   Compiling device-envoy-esp v0.1.0 (/home/carlk/programs/mcu/device-envoy/crates/device-envoy-esp)
   Compiling linkage-blaze-core v0.1.4 (/home/carlk/programs/linkage-blaze/crates/linkage-blaze-core)
   Compiling linkage-blaze-examples-esp v0.1.4 (/home/carlk/programs/linkage-blaze/crates/linkage-blaze-examples-esp)
    Finished `release` profile [optimized] target(s) in 2.24s
    build example: armatron_one_spi_esp32c2_generic
   Compiling linkage-blaze-examples-esp v0.1.4 (/home/carlk/programs/linkage-blaze/crates/linkage-blaze-examples-esp)
    Finished `release` profile [optimized] target(s) in 1.20s
    build example: ballet_esp32c2_generic
   Compiling device-envoy-esp v0.1.0 (/home/carlk/programs/mcu/device-envoy/crates/device-envoy-esp)
warning: constant evaluation is taking a long time
   --> crates/linkage-blaze-core/src/bvh_parse.rs:475:34
    |
475 |             out[sample][ch] = if (norm - policy.snap_center).abs() <= policy.snap_epsilon {
    |                                  ^^^^^^^^^^^^^^^^^^^^^^^^^^^^^^^^^ the const evaluator is currently interpreting this expression
    |
help: the constant being evaluated
   --> crates/linkage-blaze-core/src/examples/ballet.rs:44:1
    |
 44 | const MOTION: BvhMotion<132, 592> = bvh_motion!("../assets/mocap/pirouette.bvh");
    | ^^^^^^^^^^^^^^^^^^^^^^^^^^^^^^^^^

warning: `linkage-blaze-core` (lib) generated 1 warning
   Compiling linkage-blaze-examples-esp v0.1.4 (/home/carlk/programs/linkage-blaze/crates/linkage-blaze-examples-esp)
warning: constant evaluation is taking a long time
   --> crates/linkage-blaze-core/src/bvh_parse.rs:475:34
    |
475 | ...le][ch] = if (norm - policy.snap_center).abs() <= policy.snap_epsilon {
    |                 ^^^^^^^^^^^^^^^^^^^^^^^^^^^^^^^^^ the const evaluator is currently interpreting this expression
    |
help: the constant being evaluated
   --> crates/linkage-blaze-core/src/examples/ballet.rs:44:1
    |
 44 | const MOTION: BvhMotion<132, 592> = bvh_motion!("../assets/mocap/piroue...
    | ^^^^^^^^^^^^^^^^^^^^^^^^^^^^^^^^^

warning: `linkage-blaze-examples-esp` (example "ballet_esp32c2_generic") generated 1 warning
    Finished `release` profile [optimized] target(s) in 9.62s
    build example: clock_esp32c2_generic
   Compiling linkage-blaze-examples-esp v0.1.4 (/home/carlk/programs/linkage-blaze/crates/linkage-blaze-examples-esp)
    Finished `release` profile [optimized] target(s) in 2.74s
    build example: skeleton_clock_esp32c2_generic
   Compiling linkage-blaze-core v0.1.4 (/home/carlk/programs/linkage-blaze/crates/linkage-blaze-core)
   Compiling linkage-blaze-examples-esp v0.1.4 (/home/carlk/programs/linkage-blaze/crates/linkage-blaze-examples-esp)
    Finished `release` profile [optimized] target(s) in 4.66s
    build example: armatron_esp32c2_devkitm1_v1_0
   Compiling linkage-blaze-examples-esp v0.1.4 (/home/carlk/programs/linkage-blaze/crates/linkage-blaze-examples-esp)
    Finished `release` profile [optimized] target(s) in 0.52s
    build example: armatron_one_spi_esp32c2_devkitm1_v1_0
   Compiling linkage-blaze-examples-esp v0.1.4 (/home/carlk/programs/linkage-blaze/crates/linkage-blaze-examples-esp)
    Finished `release` profile [optimized] target(s) in 1.14s
    build example: ballet_esp32c2_devkitm1_v1_0
warning: constant evaluation is taking a long time
   --> crates/linkage-blaze-core/src/bvh_parse.rs:475:34
    |
475 |             out[sample][ch] = if (norm - policy.snap_center).abs() <= policy.snap_epsilon {
    |                                  ^^^^^^^^^^^^^^^^^^^^^^^^^^^^^^^^^ the const evaluator is currently interpreting this expression
    |
help: the constant being evaluated
   --> crates/linkage-blaze-core/src/examples/ballet.rs:44:1
    |
 44 | const MOTION: BvhMotion<132, 592> = bvh_motion!("../assets/mocap/pirouette.bvh");
    | ^^^^^^^^^^^^^^^^^^^^^^^^^^^^^^^^^

warning: `linkage-blaze-core` (lib) generated 1 warning
   Compiling linkage-blaze-examples-esp v0.1.4 (/home/carlk/programs/linkage-blaze/crates/linkage-blaze-examples-esp)
warning: constant evaluation is taking a long time
   --> crates/linkage-blaze-core/src/bvh_parse.rs:475:34
    |
475 | ...le][ch] = if (norm - policy.snap_center).abs() <= policy.snap_epsilon {
    |                 ^^^^^^^^^^^^^^^^^^^^^^^^^^^^^^^^^ the const evaluator is currently interpreting this expression
    |
help: the constant being evaluated
   --> crates/linkage-blaze-core/src/examples/ballet.rs:44:1
    |
 44 | const MOTION: BvhMotion<132, 592> = bvh_motion!("../assets/mocap/piroue...
    | ^^^^^^^^^^^^^^^^^^^^^^^^^^^^^^^^^

warning: `linkage-blaze-examples-esp` (example "ballet_esp32c2_devkitm1_v1_0") generated 1 warning
    Finished `release` profile [optimized] target(s) in 8.16s
    build example: clock_esp32c2_devkitm1_v1_0
   Compiling linkage-blaze-examples-esp v0.1.4 (/home/carlk/programs/linkage-blaze/crates/linkage-blaze-examples-esp)
    Finished `release` profile [optimized] target(s) in 2.81s
    build example: skeleton_clock_esp32c2_devkitm1_v1_0
   Compiling linkage-blaze-examples-esp v0.1.4 (/home/carlk/programs/linkage-blaze/crates/linkage-blaze-examples-esp)
    Finished `release` profile [optimized] target(s) in 3.00s
    build example: armatron_esp32c3_generic
   Compiling device-envoy-esp v0.1.0 (/home/carlk/programs/mcu/device-envoy/crates/device-envoy-esp)
   Compiling linkage-blaze-examples-esp v0.1.4 (/home/carlk/programs/linkage-blaze/crates/linkage-blaze-examples-esp)
    Finished `release` profile [optimized] target(s) in 2.18s
    build example: armatron_one_spi_esp32c3_generic
   Compiling linkage-blaze-examples-esp v0.1.4 (/home/carlk/programs/linkage-blaze/crates/linkage-blaze-examples-esp)
    Finished `release` profile [optimized] target(s) in 1.18s
    build example: ballet_esp32c3_generic
   Compiling device-envoy-esp v0.1.0 (/home/carlk/programs/mcu/device-envoy/crates/device-envoy-esp)
warning: constant evaluation is taking a long time
   --> crates/linkage-blaze-core/src/bvh_parse.rs:475:34
    |
475 |             out[sample][ch] = if (norm - policy.snap_center).abs() <= policy.snap_epsilon {
    |                                  ^^^^^^^^^^^^^^^^^^^^^^^^^^^^^^^^^ the const evaluator is currently interpreting this expression
    |
help: the constant being evaluated
   --> crates/linkage-blaze-core/src/examples/ballet.rs:44:1
    |
 44 | const MOTION: BvhMotion<132, 592> = bvh_motion!("../assets/mocap/pirouette.bvh");
    | ^^^^^^^^^^^^^^^^^^^^^^^^^^^^^^^^^

warning: `linkage-blaze-core` (lib) generated 1 warning
   Compiling linkage-blaze-examples-esp v0.1.4 (/home/carlk/programs/linkage-blaze/crates/linkage-blaze-examples-esp)
warning: constant evaluation is taking a long time
   --> crates/linkage-blaze-core/src/bvh_parse.rs:475:34
    |
475 | ...le][ch] = if (norm - policy.snap_center).abs() <= policy.snap_epsilon {
    |                 ^^^^^^^^^^^^^^^^^^^^^^^^^^^^^^^^^ the const evaluator is currently interpreting this expression
    |
help: the constant being evaluated
   --> crates/linkage-blaze-core/src/examples/ballet.rs:44:1
    |
 44 | const MOTION: BvhMotion<132, 592> = bvh_motion!("../assets/mocap/piroue...
    | ^^^^^^^^^^^^^^^^^^^^^^^^^^^^^^^^^

warning: `linkage-blaze-examples-esp` (example "ballet_esp32c3_generic") generated 1 warning
    Finished `release` profile [optimized] target(s) in 9.62s
    build example: clock_esp32c3_generic
   Compiling linkage-blaze-examples-esp v0.1.4 (/home/carlk/programs/linkage-blaze/crates/linkage-blaze-examples-esp)
    Finished `release` profile [optimized] target(s) in 2.76s
    build example: skeleton_clock_esp32c3_generic
   Compiling linkage-blaze-examples-esp v0.1.4 (/home/carlk/programs/linkage-blaze/crates/linkage-blaze-examples-esp)
    Finished `release` profile [optimized] target(s) in 2.98s
    build example: armatron_esp32c3_luatos
   Compiling linkage-blaze-examples-esp v0.1.4 (/home/carlk/programs/linkage-blaze/crates/linkage-blaze-examples-esp)
    Finished `release` profile [optimized] target(s) in 0.54s
    build example: armatron_one_spi_esp32c3_luatos
   Compiling linkage-blaze-examples-esp v0.1.4 (/home/carlk/programs/linkage-blaze/crates/linkage-blaze-examples-esp)
    Finished `release` profile [optimized] target(s) in 1.15s
    build example: ballet_esp32c3_luatos
warning: constant evaluation is taking a long time
   --> crates/linkage-blaze-core/src/bvh_parse.rs:475:34
    |
475 |             out[sample][ch] = if (norm - policy.snap_center).abs() <= policy.snap_epsilon {
    |                                  ^^^^^^^^^^^^^^^^^^^^^^^^^^^^^^^^^ the const evaluator is currently interpreting this expression
    |
help: the constant being evaluated
   --> crates/linkage-blaze-core/src/examples/ballet.rs:44:1
    |
 44 | const MOTION: BvhMotion<132, 592> = bvh_motion!("../assets/mocap/pirouette.bvh");
    | ^^^^^^^^^^^^^^^^^^^^^^^^^^^^^^^^^

warning: `linkage-blaze-core` (lib) generated 1 warning
   Compiling linkage-blaze-examples-esp v0.1.4 (/home/carlk/programs/linkage-blaze/crates/linkage-blaze-examples-esp)
